Connecting to host 10.0.11.2, port 5201
[  6] local 10.0.3.2 port 42860 connected to 10.0.11.2 port 5201
[ ID] Interval           Transfer     Bitrate         Retr  Cwnd
[  6]   0.00-1.00   sec   896 KBytes  7.34 Mbits/sec   74   1.41 KBytes       
[  6]   1.00-2.00   sec   768 KBytes  6.29 Mbits/sec   41   2.83 KBytes       
[  6]   2.00-3.00   sec   384 KBytes  3.15 Mbits/sec   27   2.83 KBytes       
[  6]   3.00-4.00   sec   128 KBytes  1.05 Mbits/sec   12   2.83 KBytes       
[  6]   4.00-5.00   sec   512 KBytes  4.19 Mbits/sec   47   1.41 KBytes       
[  6]   5.00-6.00   sec  1.25 MBytes  10.5 Mbits/sec   81   1.41 KBytes       
[  6]   6.00-7.00   sec  1.00 MBytes  8.39 Mbits/sec   69   1.41 KBytes       
[  6]   7.00-8.00   sec   384 KBytes  3.15 Mbits/sec   28   1.41 KBytes       
[  6]   8.00-9.00   sec   128 KBytes  1.05 Mbits/sec   10   1.41 KBytes       
[  6]   9.00-10.00  sec   256 KBytes  2.10 Mbits/sec   23   2.83 KBytes       
[  6]  10.00-11.00  sec   896 KBytes  7.34 Mbits/sec   67   1.41 KBytes       
[  6]  11.00-12.00  sec   384 KBytes  3.14 Mbits/sec   35   1.41 KBytes       
[  6]  12.00-13.00  sec   384 KBytes  3.15 Mbits/sec   47   2.83 KBytes       
[  6]  13.00-14.00  sec   768 KBytes  6.29 Mbits/sec   68   1.41 KBytes       
[  6]  14.00-15.00  sec   512 KBytes  4.19 Mbits/sec   39   1.41 KBytes       
[  6]  15.00-16.00  sec   640 KBytes  5.24 Mbits/sec   47   2.83 KBytes       
[  6]  16.00-17.00  sec   384 KBytes  3.15 Mbits/sec   38   1.41 KBytes       
[  6]  17.00-18.00  sec   256 KBytes  2.10 Mbits/sec   29   1.41 KBytes       
[  6]  18.00-19.00  sec   384 KBytes  3.15 Mbits/sec   30   2.83 KBytes       
[  6]  19.00-20.00  sec  0.00 Bytes  0.00 bits/sec   10   1.41 KBytes       
[  6]  20.00-21.00  sec   512 KBytes  4.19 Mbits/sec   30   1.41 KBytes       
[  6]  21.00-22.00  sec   512 KBytes  4.19 Mbits/sec   43   2.83 KBytes       
[  6]  22.00-23.00  sec   256 KBytes  2.10 Mbits/sec   20   2.83 KBytes       
[  6]  23.00-24.00  sec   512 KBytes  4.19 Mbits/sec   36   1.41 KBytes       
[  6]  24.00-25.00  sec   768 KBytes  6.29 Mbits/sec   46   1.41 KBytes       
[  6]  25.00-26.00  sec   640 KBytes  5.25 Mbits/sec   61   1.41 KBytes       
[  6]  26.00-27.00  sec  0.00 Bytes  0.00 bits/sec    1   1.41 KBytes       
[  6]  27.00-28.00  sec   384 KBytes  3.14 Mbits/sec   27   1.41 KBytes       
[  6]  28.00-29.00  sec   256 KBytes  2.10 Mbits/sec   31   1.41 KBytes       
[  6]  29.00-30.00  sec   896 KBytes  7.33 Mbits/sec   51   2.83 KBytes       
[  6]  30.00-31.00  sec   384 KBytes  3.15 Mbits/sec   34   2.83 KBytes       
[  6]  31.00-32.00  sec   128 KBytes  1.05 Mbits/sec   15   2.83 KBytes       
[  6]  32.00-33.00  sec   384 KBytes  3.15 Mbits/sec   32   1.41 KBytes       
[  6]  33.00-34.00  sec   384 KBytes  3.14 Mbits/sec   31   2.83 KBytes       
[  6]  34.00-35.00  sec   768 KBytes  6.29 Mbits/sec   63   1.41 KBytes       
[  6]  35.00-36.00  sec   768 KBytes  6.30 Mbits/sec   48   1.41 KBytes       
[  6]  36.00-37.00  sec   256 KBytes  2.10 Mbits/sec   22   1.41 KBytes       
[  6]  37.00-38.00  sec   640 KBytes  5.24 Mbits/sec   52   4.24 KBytes       
[  6]  38.00-39.00  sec   512 KBytes  4.19 Mbits/sec   40   2.83 KBytes       
[  6]  39.00-40.00  sec   640 KBytes  5.24 Mbits/sec   47   1.41 KBytes       
[  6]  40.00-41.00  sec   512 KBytes  4.20 Mbits/sec   38   1.41 KBytes       
[  6]  41.00-42.00  sec   640 KBytes  5.24 Mbits/sec   57   1.41 KBytes       
[  6]  42.00-43.00  sec  0.00 Bytes  0.00 bits/sec   12   2.83 KBytes       
[  6]  43.00-44.00  sec   768 KBytes  6.30 Mbits/sec   53   1.41 KBytes       
[  6]  44.00-45.00  sec   512 KBytes  4.19 Mbits/sec   40   1.41 KBytes       
[  6]  45.00-46.00  sec   256 KBytes  2.10 Mbits/sec   25   1.41 KBytes       
[  6]  46.00-47.00  sec   256 KBytes  2.10 Mbits/sec   15   7.07 KBytes       
[  6]  47.00-48.00  sec   768 KBytes  6.29 Mbits/sec   54   2.83 KBytes       
[  6]  48.00-49.00  sec   768 KBytes  6.30 Mbits/sec   44   1.41 KBytes       
[  6]  49.00-50.00  sec   640 KBytes  5.24 Mbits/sec   48   1.41 KBytes       
[  6]  50.00-51.00  sec   512 KBytes  4.20 Mbits/sec   41   1.41 KBytes       
[  6]  51.00-52.00  sec   896 KBytes  7.34 Mbits/sec   58   2.83 KBytes       
[  6]  52.00-53.00  sec   512 KBytes  4.19 Mbits/sec   42   2.83 KBytes       
[  6]  53.00-54.00  sec   384 KBytes  3.14 Mbits/sec   24   1.41 KBytes       
[  6]  54.00-55.00  sec   640 KBytes  5.25 Mbits/sec   48   1.41 KBytes       
[  6]  55.00-56.00  sec   128 KBytes  1.05 Mbits/sec   18   2.83 KBytes       
[  6]  56.00-57.00  sec   128 KBytes  1.05 Mbits/sec   17   1.41 KBytes       
[  6]  57.00-58.00  sec   128 KBytes  1.05 Mbits/sec   22   2.83 KBytes       
[  6]  58.00-59.00  sec  1.25 MBytes  10.5 Mbits/sec   85   1.41 KBytes       
[  6]  59.00-59.99  sec   512 KBytes  4.25 Mbits/sec   38   1.41 KBytes       
- - - - - - - - - - - - - - - - - - - - - - - - -
[ ID] Interval           Transfer     Bitrate         Retr
[  6]   0.00-59.99  sec  29.5 MBytes  4.13 Mbits/sec  2331             sender
[  6]   0.00-59.99  sec  0.00 Bytes  0.00 bits/sec                  receiver
iperf3: interrupt - the client has terminated
