Connecting to host 10.0.11.2, port 5201
[  6] local 10.0.3.2 port 51174 connected to 10.0.11.2 port 5201
[ ID] Interval           Transfer     Bitrate         Retr  Cwnd
[  6]   0.00-1.00   sec  11.9 MBytes  99.5 Mbits/sec    0   1.10 MBytes       
[  6]   1.00-2.00   sec  11.0 MBytes  92.3 Mbits/sec    0   1.67 MBytes       
[  6]   2.00-3.00   sec  10.9 MBytes  91.2 Mbits/sec    0   2.23 MBytes       
[  6]   3.00-4.00   sec  10.9 MBytes  91.2 Mbits/sec    0   2.79 MBytes       
[  6]   4.00-5.00   sec  12.0 MBytes   101 Mbits/sec    0   3.36 MBytes       
[  6]   5.00-6.00   sec  10.5 MBytes  88.1 Mbits/sec    0   3.92 MBytes       
[  6]   6.00-7.00   sec  12.0 MBytes   101 Mbits/sec    0   4.49 MBytes       
[  6]   7.00-8.00   sec  11.8 MBytes  98.5 Mbits/sec    0   5.05 MBytes       
[  6]   8.00-9.00   sec  11.5 MBytes  96.5 Mbits/sec    0   5.61 MBytes       
[  6]   9.00-10.00  sec  10.1 MBytes  84.9 Mbits/sec    0   6.18 MBytes       
[  6]  10.00-11.00  sec  11.4 MBytes  95.4 Mbits/sec    0   6.57 MBytes       
[  6]  11.00-12.00  sec  11.5 MBytes  96.5 Mbits/sec    0   6.57 MBytes       
[  6]  12.00-13.00  sec  11.5 MBytes  96.4 Mbits/sec    0   6.57 MBytes       
[  6]  13.00-14.00  sec  11.8 MBytes  98.6 Mbits/sec    0   6.71 MBytes       
[  6]  14.00-15.00  sec  13.6 MBytes   114 Mbits/sec    0   7.27 MBytes       
[  6]  15.00-16.00  sec  9.62 MBytes  80.7 Mbits/sec    0   7.70 MBytes       
[  6]  16.00-17.00  sec  9.50 MBytes  79.6 Mbits/sec    0   7.70 MBytes       
[  6]  17.00-18.00  sec  14.2 MBytes   120 Mbits/sec    0   7.70 MBytes       
[  6]  18.00-19.00  sec  9.62 MBytes  80.7 Mbits/sec    0   7.70 MBytes       
[  6]  19.00-20.00  sec  14.4 MBytes   121 Mbits/sec    0   7.70 MBytes       
[  6]  20.00-21.00  sec  8.88 MBytes  74.4 Mbits/sec    0   7.70 MBytes       
[  6]  21.00-22.00  sec  9.50 MBytes  79.7 Mbits/sec    0   7.70 MBytes       
[  6]  22.00-23.00  sec  14.2 MBytes   120 Mbits/sec    0   7.70 MBytes       
[  6]  23.00-24.00  sec  9.50 MBytes  79.7 Mbits/sec    0   7.70 MBytes       
[  6]  24.00-25.00  sec  14.4 MBytes   121 Mbits/sec    0   7.70 MBytes       
[  6]  25.00-26.00  sec  8.38 MBytes  70.3 Mbits/sec    0   7.70 MBytes       
[  6]  26.00-27.00  sec  9.62 MBytes  80.7 Mbits/sec    0   7.70 MBytes       
[  6]  27.00-28.00  sec  14.2 MBytes   120 Mbits/sec    0   7.70 MBytes       
[  6]  28.00-29.00  sec  9.62 MBytes  80.7 Mbits/sec    0   7.70 MBytes       
[  6]  29.00-30.00  sec  14.2 MBytes   120 Mbits/sec    0   7.70 MBytes       
[  6]  30.00-31.00  sec  9.62 MBytes  80.7 Mbits/sec    0   7.70 MBytes       
[  6]  31.00-32.00  sec  9.50 MBytes  79.7 Mbits/sec    0   7.70 MBytes       
[  6]  32.00-33.00  sec  13.1 MBytes   110 Mbits/sec    0   7.70 MBytes       
[  6]  33.00-34.00  sec  13.0 MBytes   109 Mbits/sec    0   7.70 MBytes       
[  6]  34.00-35.00  sec  8.25 MBytes  69.2 Mbits/sec    0   7.70 MBytes       
[  6]  35.00-36.00  sec  13.0 MBytes   109 Mbits/sec    0   7.70 MBytes       
[  6]  36.00-37.00  sec  9.50 MBytes  79.7 Mbits/sec    0   7.70 MBytes       
[  6]  37.00-38.00  sec  12.9 MBytes   108 Mbits/sec    0   7.70 MBytes       
[  6]  38.00-39.00  sec  9.62 MBytes  80.8 Mbits/sec    0   7.70 MBytes       
[  6]  39.00-40.00  sec  13.8 MBytes   115 Mbits/sec    0   7.70 MBytes       
[  6]  40.00-41.00  sec  9.50 MBytes  79.7 Mbits/sec    0   7.70 MBytes       
[  6]  41.00-42.00  sec  9.50 MBytes  79.7 Mbits/sec    0   7.70 MBytes       
[  6]  42.00-43.00  sec  14.4 MBytes   121 Mbits/sec    0   7.70 MBytes       
[  6]  43.00-44.00  sec  9.50 MBytes  79.6 Mbits/sec    0   7.70 MBytes       
[  6]  44.00-45.00  sec  13.4 MBytes   112 Mbits/sec    0   7.70 MBytes       
[  6]  45.00-46.00  sec  9.38 MBytes  78.6 Mbits/sec    0   7.70 MBytes       
[  6]  46.00-47.00  sec  9.62 MBytes  80.8 Mbits/sec    0   7.70 MBytes       
[  6]  47.00-48.00  sec  14.4 MBytes   121 Mbits/sec    0   7.70 MBytes       
[  6]  48.00-49.00  sec  9.50 MBytes  79.7 Mbits/sec    0   7.70 MBytes       
[  6]  49.00-50.00  sec  10.5 MBytes  88.1 Mbits/sec    0   7.70 MBytes       
[  6]  50.00-51.00  sec  14.4 MBytes   121 Mbits/sec    0   7.70 MBytes       
[  6]  51.00-52.00  sec  10.4 MBytes  87.0 Mbits/sec    0   7.70 MBytes       
[  6]  52.00-53.00  sec  10.4 MBytes  87.1 Mbits/sec    0   7.70 MBytes       
[  6]  53.00-54.00  sec  10.4 MBytes  87.0 Mbits/sec    0   7.70 MBytes       
[  6]  54.00-55.00  sec  13.9 MBytes   116 Mbits/sec    0   7.70 MBytes       
[  6]  55.00-56.00  sec  10.4 MBytes  87.1 Mbits/sec    0   7.70 MBytes       
[  6]  56.00-57.00  sec  9.62 MBytes  80.7 Mbits/sec    0   7.70 MBytes       
[  6]  57.00-58.00  sec  10.2 MBytes  86.0 Mbits/sec    0   7.70 MBytes       
[  6]  58.00-59.00  sec  11.9 MBytes  99.7 Mbits/sec    0   7.70 MBytes       
[  6]  59.00-59.74  sec  10.4 MBytes   118 Mbits/sec    0   7.70 MBytes       
- - - - - - - - - - - - - - - - - - - - - - - - -
[ ID] Interval           Transfer     Bitrate         Retr
[  6]   0.00-59.74  sec   676 MBytes  94.9 Mbits/sec    0             sender
[  6]   0.00-59.74  sec  0.00 Bytes  0.00 bits/sec                  receiver
iperf3: interrupt - the client has terminated
