Connecting to host 10.0.11.2, port 5201
[  6] local 10.0.3.2 port 44406 connected to 10.0.11.2 port 5201
[ ID] Interval           Transfer     Bitrate         Retr  Cwnd
[  6]   0.00-1.00   sec  10.9 MBytes  91.1 Mbits/sec    0   1.08 MBytes       
[  6]   1.00-2.00   sec  11.1 MBytes  93.4 Mbits/sec    0   1.64 MBytes       
[  6]   2.00-3.00   sec  11.8 MBytes  98.6 Mbits/sec    0   2.21 MBytes       
[  6]   3.00-4.00   sec  10.9 MBytes  91.2 Mbits/sec    0   2.77 MBytes       
[  6]   4.00-5.00   sec  11.9 MBytes  99.6 Mbits/sec    0   3.33 MBytes       
[  6]   5.00-6.00   sec  10.8 MBytes  90.2 Mbits/sec    0   3.90 MBytes       
[  6]   6.00-7.00   sec  12.0 MBytes   101 Mbits/sec    0   4.46 MBytes       
[  6]   7.00-8.00   sec  11.8 MBytes  98.5 Mbits/sec    0   5.03 MBytes       
[  6]   8.00-9.00   sec  11.4 MBytes  95.5 Mbits/sec    0   5.59 MBytes       
[  6]   9.00-10.00  sec  10.2 MBytes  85.9 Mbits/sec    0   6.15 MBytes       
[  6]  10.00-11.00  sec  11.1 MBytes  93.4 Mbits/sec    0   6.38 MBytes       
[  6]  11.00-12.00  sec  12.8 MBytes   107 Mbits/sec    0   6.38 MBytes       
[  6]  12.00-13.00  sec  11.1 MBytes  93.2 Mbits/sec    0   6.38 MBytes       
[  6]  13.00-14.00  sec  12.6 MBytes   106 Mbits/sec    0   6.38 MBytes       
[  6]  14.00-15.00  sec  11.2 MBytes  94.4 Mbits/sec    0   6.38 MBytes       
[  6]  15.00-16.00  sec  11.1 MBytes  93.3 Mbits/sec    0   6.38 MBytes       
[  6]  16.00-17.00  sec  11.1 MBytes  93.3 Mbits/sec    0   6.38 MBytes       
[  6]  17.00-18.00  sec  9.00 MBytes  75.6 Mbits/sec    0   6.38 MBytes       
[  6]  18.00-19.00  sec  11.1 MBytes  93.3 Mbits/sec    0   6.38 MBytes       
[  6]  19.00-20.00  sec  13.9 MBytes   116 Mbits/sec    0   6.38 MBytes       
[  6]  20.00-21.00  sec  9.00 MBytes  75.4 Mbits/sec    0   6.38 MBytes       
[  6]  21.00-22.00  sec  11.1 MBytes  93.3 Mbits/sec    0   6.38 MBytes       
[  6]  22.00-23.00  sec  11.2 MBytes  94.4 Mbits/sec    0   6.38 MBytes       
[  6]  23.00-24.00  sec  11.1 MBytes  93.4 Mbits/sec    0   6.38 MBytes       
[  6]  24.00-25.00  sec  11.1 MBytes  93.3 Mbits/sec    0   6.38 MBytes       
[  6]  25.00-26.00  sec  11.2 MBytes  94.3 Mbits/sec    0   6.38 MBytes       
[  6]  26.00-27.00  sec  11.1 MBytes  93.3 Mbits/sec    0   6.38 MBytes       
[  6]  27.00-28.00  sec  14.9 MBytes   125 Mbits/sec    0   6.38 MBytes       
[  6]  28.00-29.00  sec  11.1 MBytes  93.3 Mbits/sec    0   6.38 MBytes       
[  6]  29.00-30.00  sec  9.38 MBytes  78.6 Mbits/sec    0   6.38 MBytes       
[  6]  30.00-31.00  sec  11.1 MBytes  93.3 Mbits/sec    0   6.38 MBytes       
[  6]  31.00-32.00  sec  11.5 MBytes  96.5 Mbits/sec    0   7.47 MBytes       
[  6]  32.00-33.00  sec  11.5 MBytes  96.5 Mbits/sec    0   11.2 MBytes       
[  6]  33.00-34.00  sec  13.5 MBytes   113 Mbits/sec    0   11.2 MBytes       
[  6]  34.00-35.00  sec  11.6 MBytes  97.5 Mbits/sec    0   11.2 MBytes       
[  6]  35.00-36.00  sec  11.5 MBytes  96.5 Mbits/sec    0   11.2 MBytes       
[  6]  36.00-37.00  sec  7.62 MBytes  63.9 Mbits/sec    0   11.2 MBytes       
[  6]  37.00-38.00  sec  11.5 MBytes  96.6 Mbits/sec    0   11.2 MBytes       
[  6]  38.00-39.00  sec  11.6 MBytes  97.5 Mbits/sec    0   11.2 MBytes       
[  6]  39.00-40.00  sec  11.5 MBytes  96.5 Mbits/sec    0   11.2 MBytes       
[  6]  40.00-41.00  sec  11.5 MBytes  96.5 Mbits/sec    0   11.2 MBytes       
[  6]  41.00-42.00  sec  9.25 MBytes  77.6 Mbits/sec    0   11.2 MBytes       
[  6]  42.00-43.00  sec  11.4 MBytes  95.3 Mbits/sec    0   11.2 MBytes       
[  6]  43.00-44.00  sec  16.2 MBytes   136 Mbits/sec    0   11.2 MBytes       
[  6]  44.00-45.00  sec  11.5 MBytes  96.5 Mbits/sec    0   11.2 MBytes       
[  6]  45.00-46.00  sec  11.5 MBytes  96.5 Mbits/sec    0   11.2 MBytes       
[  6]  46.00-47.00  sec  9.25 MBytes  77.5 Mbits/sec    0   11.2 MBytes       
[  6]  47.00-48.00  sec  11.5 MBytes  96.5 Mbits/sec    0   11.2 MBytes       
[  6]  48.00-49.00  sec  8.00 MBytes  67.1 Mbits/sec    0   11.2 MBytes       
[  6]  49.00-50.00  sec  11.5 MBytes  96.5 Mbits/sec    0   11.2 MBytes       
[  6]  50.00-51.00  sec  11.6 MBytes  97.5 Mbits/sec    0   11.2 MBytes       
[  6]  51.00-52.00  sec  11.5 MBytes  96.5 Mbits/sec    0   11.2 MBytes       
[  6]  52.00-53.00  sec  11.5 MBytes  96.4 Mbits/sec    0   11.2 MBytes       
[  6]  53.00-54.00  sec  11.6 MBytes  97.6 Mbits/sec    0   11.2 MBytes       
[  6]  54.00-55.00  sec  11.5 MBytes  96.4 Mbits/sec    0   11.2 MBytes       
[  6]  55.00-56.00  sec  11.6 MBytes  97.6 Mbits/sec    0   11.2 MBytes       
[  6]  56.00-57.00  sec  11.5 MBytes  96.4 Mbits/sec    0   11.2 MBytes       
[  6]  57.00-58.00  sec  11.5 MBytes  96.6 Mbits/sec    0   11.2 MBytes       
[  6]  58.00-59.00  sec  11.6 MBytes  97.4 Mbits/sec    0   11.2 MBytes       
[  6]  59.00-59.73  sec  5.75 MBytes  66.0 Mbits/sec    0   11.2 MBytes       
- - - - - - - - - - - - - - - - - - - - - - - - -
[ ID] Interval           Transfer     Bitrate         Retr
[  6]   0.00-59.73  sec   674 MBytes  94.6 Mbits/sec    0             sender
[  6]   0.00-59.73  sec  0.00 Bytes  0.00 bits/sec                  receiver
iperf3: interrupt - the client has terminated
