Connecting to host 10.0.11.2, port 5201
[  6] local 10.0.3.2 port 46644 connected to 10.0.11.2 port 5201
[ ID] Interval           Transfer     Bitrate         Retr  Cwnd
[  6]   0.00-1.00   sec  11.9 MBytes  99.5 Mbits/sec    0   1.08 MBytes       
[  6]   1.00-2.00   sec  11.0 MBytes  92.3 Mbits/sec    0   1.64 MBytes       
[  6]   2.00-3.00   sec  10.9 MBytes  91.2 Mbits/sec    0   2.20 MBytes       
[  6]   3.00-4.00   sec  10.9 MBytes  91.2 Mbits/sec    0   2.77 MBytes       
[  6]   4.00-5.00   sec  11.8 MBytes  98.6 Mbits/sec    0   3.33 MBytes       
[  6]   5.00-6.00   sec  12.0 MBytes   101 Mbits/sec    0   3.90 MBytes       
[  6]   6.00-7.00   sec  10.2 MBytes  86.0 Mbits/sec    0   4.46 MBytes       
[  6]   7.00-8.00   sec  11.4 MBytes  95.4 Mbits/sec    0   5.03 MBytes       
[  6]   8.00-9.00   sec  11.2 MBytes  94.4 Mbits/sec    0   5.59 MBytes       
[  6]   9.00-10.00  sec  11.2 MBytes  94.4 Mbits/sec    0   6.10 MBytes       
[  6]  10.00-11.00  sec  14.9 MBytes   125 Mbits/sec    0   6.48 MBytes       
[  6]  11.00-12.00  sec  8.62 MBytes  72.4 Mbits/sec    0   7.04 MBytes       
[  6]  12.00-13.00  sec  14.8 MBytes   124 Mbits/sec    0   7.60 MBytes       
[  6]  13.00-14.00  sec  11.0 MBytes  92.3 Mbits/sec    0   8.17 MBytes       
[  6]  14.00-15.00  sec  12.2 MBytes   103 Mbits/sec    0   8.73 MBytes       
[  6]  15.00-16.00  sec  6.62 MBytes  55.6 Mbits/sec    0   9.30 MBytes       
[  6]  16.00-17.00  sec  14.1 MBytes   118 Mbits/sec    0   9.86 MBytes       
[  6]  17.00-18.00  sec  15.6 MBytes   131 Mbits/sec    0   10.4 MBytes       
[  6]  18.00-19.00  sec  8.38 MBytes  70.2 Mbits/sec    0   11.0 MBytes       
[  6]  19.00-20.00  sec  8.88 MBytes  74.5 Mbits/sec    0   11.6 MBytes       
[  6]  20.00-21.00  sec  9.25 MBytes  77.6 Mbits/sec    0   12.1 MBytes       
[  6]  21.00-22.00  sec  20.0 MBytes   168 Mbits/sec    0   12.7 MBytes       
[  6]  22.00-23.00  sec  10.8 MBytes  90.2 Mbits/sec    0   13.3 MBytes       
[  6]  23.00-24.00  sec  11.4 MBytes  95.4 Mbits/sec    0   13.8 MBytes       
[  6]  24.00-25.00  sec  11.6 MBytes  97.5 Mbits/sec    0   14.4 MBytes       
[  6]  25.00-26.00  sec  2.38 MBytes  19.9 Mbits/sec    0   14.8 MBytes       
[  6]  26.00-27.00  sec  18.4 MBytes   154 Mbits/sec  186   10.6 MBytes       
[  6]  27.00-28.00  sec  8.50 MBytes  71.3 Mbits/sec    0   11.0 MBytes       
[  6]  28.00-29.00  sec  8.75 MBytes  73.4 Mbits/sec    0   11.5 MBytes       
[  6]  29.00-30.00  sec  9.25 MBytes  77.6 Mbits/sec    0   12.0 MBytes       
[  6]  30.00-31.00  sec  19.6 MBytes   165 Mbits/sec    0   12.4 MBytes       
[  6]  31.00-32.00  sec  10.4 MBytes  87.0 Mbits/sec    0   12.8 MBytes       
[  6]  32.00-33.00  sec  10.6 MBytes  89.1 Mbits/sec    0   13.2 MBytes       
[  6]  33.00-34.00  sec  11.1 MBytes  93.3 Mbits/sec    0   13.5 MBytes       
[  6]  34.00-35.00  sec  11.2 MBytes  94.4 Mbits/sec    0   13.7 MBytes       
[  6]  35.00-36.00  sec  11.5 MBytes  96.4 Mbits/sec  375   9.76 MBytes       
[  6]  36.00-37.00  sec  8.38 MBytes  70.3 Mbits/sec  990   9.76 MBytes       
[  6]  37.00-38.00  sec  7.50 MBytes  62.9 Mbits/sec    0   9.96 MBytes       
[  6]  38.00-39.00  sec  15.4 MBytes   129 Mbits/sec    0   10.2 MBytes       
[  6]  39.00-40.00  sec  7.88 MBytes  66.1 Mbits/sec    0   10.5 MBytes       
[  6]  40.00-41.00  sec  16.6 MBytes   139 Mbits/sec    0   10.8 MBytes       
[  6]  41.00-42.00  sec  8.50 MBytes  71.3 Mbits/sec    0   11.0 MBytes       
[  6]  42.00-43.00  sec  8.75 MBytes  73.4 Mbits/sec    0   11.2 MBytes       
[  6]  43.00-44.00  sec  17.8 MBytes   149 Mbits/sec    0   11.4 MBytes       
[  6]  44.00-45.00  sec  9.12 MBytes  76.5 Mbits/sec    0   11.5 MBytes       
[  6]  45.00-46.00  sec  9.12 MBytes  76.5 Mbits/sec    0   11.6 MBytes       
[  6]  46.00-47.00  sec  9.25 MBytes  77.6 Mbits/sec    0   11.7 MBytes       
[  6]  47.00-48.00  sec  18.6 MBytes   156 Mbits/sec    0   11.7 MBytes       
[  6]  48.00-49.00  sec  9.38 MBytes  78.6 Mbits/sec    0   11.8 MBytes       
[  6]  49.00-50.00  sec  9.38 MBytes  78.6 Mbits/sec    0   11.8 MBytes       
[  6]  50.00-51.00  sec  9.50 MBytes  79.7 Mbits/sec    0   11.8 MBytes       
[  6]  51.00-52.00  sec  9.38 MBytes  78.6 Mbits/sec    0   11.8 MBytes       
[  6]  52.00-53.00  sec  18.9 MBytes   158 Mbits/sec    0   11.8 MBytes       
[  6]  53.00-54.00  sec  9.50 MBytes  79.7 Mbits/sec    0   11.8 MBytes       
[  6]  54.00-55.00  sec  9.38 MBytes  78.6 Mbits/sec    0   11.9 MBytes       
[  6]  55.00-56.00  sec  9.50 MBytes  79.7 Mbits/sec    0   11.9 MBytes       
[  6]  56.00-57.00  sec  9.50 MBytes  79.7 Mbits/sec    0   11.9 MBytes       
[  6]  57.00-58.00  sec  19.0 MBytes   159 Mbits/sec    0   11.9 MBytes       
[  6]  58.00-59.00  sec  9.50 MBytes  79.7 Mbits/sec    0   11.9 MBytes       
[  6]  59.00-59.73  sec  9.62 MBytes   110 Mbits/sec    0   12.0 MBytes       
- - - - - - - - - - - - - - - - - - - - - - - - -
[ ID] Interval           Transfer     Bitrate         Retr
[  6]   0.00-59.73  sec   682 MBytes  95.7 Mbits/sec  1551             sender
[  6]   0.00-59.73  sec  0.00 Bytes  0.00 bits/sec                  receiver
iperf3: interrupt - the client has terminated
