Connecting to host 10.0.11.2, port 5201
[  6] local 10.0.3.2 port 50958 connected to 10.0.11.2 port 5201
[ ID] Interval           Transfer     Bitrate         Retr  Cwnd
[  6]   0.00-1.00   sec  18.8 MBytes   157 Mbits/sec    0   2.16 MBytes       
[  6]   1.00-2.00   sec  21.8 MBytes   182 Mbits/sec    0   3.29 MBytes       
[  6]   2.00-3.00   sec  23.8 MBytes   199 Mbits/sec    0   4.42 MBytes       
[  6]   3.00-4.00   sec  21.9 MBytes   184 Mbits/sec    0   5.56 MBytes       
[  6]   4.00-5.00   sec  25.2 MBytes   212 Mbits/sec    0   6.69 MBytes       
[  6]   5.00-6.00   sec  20.4 MBytes   171 Mbits/sec    0   6.83 MBytes       
[  6]   6.00-7.00   sec  25.6 MBytes   215 Mbits/sec    0   7.27 MBytes       
[  6]   7.00-8.00   sec  21.1 MBytes   177 Mbits/sec    0   7.27 MBytes       
[  6]   8.00-9.00   sec  21.8 MBytes   182 Mbits/sec    0   7.27 MBytes       
[  6]   9.00-10.00  sec  26.0 MBytes   218 Mbits/sec    0   7.27 MBytes       
[  6]  10.00-11.00  sec  21.8 MBytes   182 Mbits/sec    0   7.27 MBytes       
[  6]  11.00-12.00  sec  19.6 MBytes   165 Mbits/sec    0   7.27 MBytes       
[  6]  12.00-13.00  sec  26.0 MBytes   218 Mbits/sec    0   7.27 MBytes       
[  6]  13.00-14.00  sec  21.6 MBytes   181 Mbits/sec    0   7.27 MBytes       
[  6]  14.00-15.00  sec  20.4 MBytes   171 Mbits/sec    0   7.27 MBytes       
[  6]  15.00-16.00  sec  26.0 MBytes   218 Mbits/sec    0   7.27 MBytes       
[  6]  16.00-17.00  sec  19.2 MBytes   162 Mbits/sec    0   7.27 MBytes       
[  6]  17.00-18.00  sec  26.0 MBytes   218 Mbits/sec    0   7.27 MBytes       
[  6]  18.00-19.00  sec  21.8 MBytes   183 Mbits/sec    0   7.27 MBytes       
[  6]  19.00-20.00  sec  21.1 MBytes   177 Mbits/sec    0   7.27 MBytes       
[  6]  20.00-21.00  sec  26.0 MBytes   218 Mbits/sec    0   7.27 MBytes       
[  6]  21.00-22.00  sec  21.6 MBytes   181 Mbits/sec    0   7.27 MBytes       
[  6]  22.00-23.00  sec  23.2 MBytes   195 Mbits/sec    0   7.27 MBytes       
[  6]  23.00-24.00  sec  21.8 MBytes   182 Mbits/sec    0   7.27 MBytes       
[  6]  24.00-25.00  sec  21.6 MBytes   181 Mbits/sec    0   7.27 MBytes       
[  6]  25.00-26.00  sec  21.6 MBytes   181 Mbits/sec    0   7.27 MBytes       
[  6]  26.00-27.00  sec  23.1 MBytes   194 Mbits/sec    0   7.27 MBytes       
[  6]  27.00-28.00  sec  25.5 MBytes   214 Mbits/sec    0   7.27 MBytes       
[  6]  28.00-29.00  sec  21.6 MBytes   181 Mbits/sec    0   7.27 MBytes       
[  6]  29.00-30.00  sec  23.4 MBytes   196 Mbits/sec    0   7.27 MBytes       
[  6]  30.00-31.00  sec  21.6 MBytes   181 Mbits/sec    0   7.27 MBytes       
[  6]  31.00-32.00  sec  20.4 MBytes   171 Mbits/sec    0   7.27 MBytes       
[  6]  32.00-33.00  sec  26.2 MBytes   220 Mbits/sec    0   7.27 MBytes       
[  6]  33.00-34.00  sec  21.8 MBytes   182 Mbits/sec    0   7.27 MBytes       
[  6]  34.00-35.00  sec  21.9 MBytes   183 Mbits/sec    0   7.27 MBytes       
[  6]  35.00-36.00  sec  20.4 MBytes   171 Mbits/sec    0   7.27 MBytes       
[  6]  36.00-37.00  sec  26.1 MBytes   219 Mbits/sec    0   7.27 MBytes       
[  6]  37.00-38.00  sec  20.0 MBytes   168 Mbits/sec    0   7.27 MBytes       
[  6]  38.00-39.00  sec  21.9 MBytes   184 Mbits/sec    0   7.27 MBytes       
[  6]  39.00-40.00  sec  23.5 MBytes   197 Mbits/sec    0   7.27 MBytes       
[  6]  40.00-41.00  sec  21.9 MBytes   183 Mbits/sec    0   7.27 MBytes       
[  6]  41.00-42.00  sec  24.6 MBytes   207 Mbits/sec    0   7.27 MBytes       
[  6]  42.00-43.00  sec  20.8 MBytes   174 Mbits/sec    0   7.27 MBytes       
[  6]  43.00-44.00  sec  22.1 MBytes   186 Mbits/sec    0   7.27 MBytes       
[  6]  44.00-45.00  sec  21.8 MBytes   182 Mbits/sec    0   7.27 MBytes       
[  6]  45.00-46.00  sec  21.9 MBytes   184 Mbits/sec    0   7.27 MBytes       
[  6]  46.00-47.00  sec  26.1 MBytes   219 Mbits/sec    0   7.27 MBytes       
[  6]  47.00-48.00  sec  22.8 MBytes   191 Mbits/sec    0   7.27 MBytes       
[  6]  48.00-49.00  sec  21.9 MBytes   184 Mbits/sec    0   7.27 MBytes       
[  6]  49.00-50.00  sec  20.2 MBytes   170 Mbits/sec    0   7.27 MBytes       
[  6]  50.00-51.00  sec  25.1 MBytes   211 Mbits/sec    0   7.27 MBytes       
[  6]  51.00-52.00  sec  21.4 MBytes   179 Mbits/sec    0   7.27 MBytes       
[  6]  52.00-53.00  sec  24.0 MBytes   201 Mbits/sec    0   7.27 MBytes       
[  6]  53.00-54.00  sec  20.2 MBytes   170 Mbits/sec    0   7.27 MBytes       
[  6]  54.00-55.00  sec  25.1 MBytes   211 Mbits/sec    0   7.27 MBytes       
[  6]  55.00-56.00  sec  21.9 MBytes   184 Mbits/sec    0   7.27 MBytes       
[  6]  56.00-57.00  sec  21.9 MBytes   184 Mbits/sec    0   7.27 MBytes       
[  6]  57.00-58.00  sec  21.9 MBytes   184 Mbits/sec    0   7.27 MBytes       
[  6]  58.00-59.00  sec  24.9 MBytes   209 Mbits/sec    0   7.27 MBytes       
[  6]  59.00-59.74  sec  17.5 MBytes   200 Mbits/sec    0   7.27 MBytes       
- - - - - - - - - - - - - - - - - - - - - - - - -
[ ID] Interval           Transfer     Bitrate         Retr
[  6]   0.00-59.74  sec  1.32 GBytes   190 Mbits/sec    0             sender
[  6]   0.00-59.74  sec  0.00 Bytes  0.00 bits/sec                  receiver
iperf3: interrupt - the client has terminated
